------------------------------------------------------------
TimeQuest Timing Analyzer Summary
------------------------------------------------------------

Type  : Slow 1200mV 85C Model Setup 'clock_divider:clk_div_inst|clk_out'
Slack : -64.132
TNS   : -933.990

Type  : Slow 1200mV 85C Model Setup 'clk'
Slack : -4.131
TNS   : -111.817

Type  : Slow 1200mV 85C Model Hold 'clk'
Slack : 0.384
TNS   : 0.000

Type  : Slow 1200mV 85C Model Hold 'clock_divider:clk_div_inst|clk_out'
Slack : 0.406
TNS   : 0.000

Type  : Slow 1200mV 85C Model Minimum Pulse Width 'clk'
Slack : -3.000
TNS   : -45.405

Type  : Slow 1200mV 85C Model Minimum Pulse Width 'clock_divider:clk_div_inst|clk_out'
Slack : -1.285
TNS   : -71.960

Type  : Slow 1200mV 0C Model Setup 'clock_divider:clk_div_inst|clk_out'
Slack : -57.730
TNS   : -839.803

Type  : Slow 1200mV 0C Model Setup 'clk'
Slack : -3.743
TNS   : -99.548

Type  : Slow 1200mV 0C Model Hold 'clk'
Slack : 0.338
TNS   : 0.000

Type  : Slow 1200mV 0C Model Hold 'clock_divider:clk_div_inst|clk_out'
Slack : 0.354
TNS   : 0.000

Type  : Slow 1200mV 0C Model Minimum Pulse Width 'clk'
Slack : -3.000
TNS   : -45.405

Type  : Slow 1200mV 0C Model Minimum Pulse Width 'clock_divider:clk_div_inst|clk_out'
Slack : -1.285
TNS   : -71.960

Type  : Fast 1200mV 0C Model Setup 'clock_divider:clk_div_inst|clk_out'
Slack : -31.252
TNS   : -435.505

Type  : Fast 1200mV 0C Model Setup 'clk'
Slack : -1.539
TNS   : -38.041

Type  : Fast 1200mV 0C Model Hold 'clk'
Slack : 0.058
TNS   : 0.000

Type  : Fast 1200mV 0C Model Hold 'clock_divider:clk_div_inst|clk_out'
Slack : 0.183
TNS   : 0.000

Type  : Fast 1200mV 0C Model Minimum Pulse Width 'clk'
Slack : -3.000
TNS   : -38.113

Type  : Fast 1200mV 0C Model Minimum Pulse Width 'clock_divider:clk_div_inst|clk_out'
Slack : -1.000
TNS   : -56.000

------------------------------------------------------------
